72
73
29
50
19
44
30
60
96
74
1
100
37
9
46
35
59
17
27
93
49
85
61
71
13
70
2
82
6
78
65
8
24
10
26
43
14
15
79
68
34
38
5
47
64
22
32
99
21
97
33
